error[E0277]: the trait bound `[(); 32]: IsU64Compatible` is not satisfied
 --> tests/repr/invalid-repr-width-2.rs:3:1
  |
3 | #[bitfield]
  | ^^^^^^^^^^^ the trait `IsU64Compatible` is not implemented for `[(); 32]`
  |
  = help: the trait `IsU64Compatible` is implemented for `[(); 64]`
  = help: see issue #48214
  = note: this error originates in the attribute macro `bitfield` (in Nightly builds, run with -Z macro-backtrace for more info)

error[E0308]: mismatched types
 --> tests/repr/invalid-repr-width-2.rs:4:8
  |
4 | #[repr(u64)] // Too many bits!
  |        ^^^ expected an array with a fixed size of 4 elements, found one with 8 elements

error[E0308]: mismatched types
 --> tests/repr/invalid-repr-width-2.rs:4:8
  |
4 | #[repr(u64)] // Too many bits!
  |        ^^^
  |        |
  |        expected an array with a fixed size of 8 elements, found one with 4 elements
  |        arguments to this function are incorrect
  |
note: associated function defined here
 --> $RUST/core/src/num/mod.rs
  |
  | /     uint_impl! {
  | |         Self = u64,
  | |         ActualT = u64,
  | |         SignedT = i64,
... |
  | |         bound_condition = "",
  | |     }
  | |_____^
  = note: this error originates in the macro `uint_impl` (in Nightly builds, run with -Z macro-backtrace for more info)
